[
  [
    1436992517217174431865204940105039138194485920153051672177,
    3415239594429331475953257254127995154865782381535613427380
  ],
  [
    5729676801586509477308605861334431013807156224887134130952,
    5126453037258696765881910311009849223353930523017073778169
  ],
  [
    3002448739736147145339661579841599108573135579114861542920,
    2601592617116874402904271985610020521408687488129113556712
  ],
  [
    4282021000199536774885265143856348327556974329291243748473,
    3247699077258490611986847268225361374254051073424977698593
  ],
  [
    751324038407572633044032161685289912958129021516614241415,
    4823024347844328043146590557756427959746917161142842334681
  ]
]