[
  [
    668197348707000483538188676463508071681743464088585643965,
    1632296346871243498612262084075525572789884201742809649606
  ],
  [
    2072006678736627351054077734337280596942860624873344209350,
    5029671077433976882529694318532751808569832723302942259845
  ],
  [
    454786369479734630196997743487210440675652266646993340521,
    2657197822552983563498705042423493071572673437561853295736
  ],
  [
    2054815725646695848879072089529642798885683955780453414021,
    5197402753840439180097040470639715791178104569927541066552
  ],
  [
    791130599278843653843191074573622701927960966259640022904,
    2948611118707077275729402067274847869794685191710706447946
  ]
]